Running Gradle task 'assembleRelease'...                        
flutter : 
At line:1 char:1
+ flutter build apk 2>&1 > build_output.txt; Get-Content build_output.t ...
+ ~~~~~~~~~~~~~~~~~~~~~~~~~~~~~~~~~~~~~~~~~
    + CategoryInfo          : NotSpecified: (:String) [], RemoteException
    + FullyQualifiedErrorId : NativeCommandError
 
FAILURE: Build failed with an exception.

* Where:
Build file 'C:\law_connect4\android\app\build.gradle.kts' line: 1

* What went wrong:
An exception occurred applying plugin request [id: 
'dev.flutter.flutter-gradle-plugin']
> Failed to apply plugin 'dev.flutter.flutter-gradle-plugin'.
   > Cannot run Project.afterEvaluate(Action) when the project is already 
evaluated.

* Try:
> Run with --stacktrace option to get the stack trace.
> Run with --info or --debug option to get more log output.
> Run with --scan to get full insights.
> Get more help at https://help.gradle.org.

BUILD FAILED in 3s
Running Gradle task 'assembleRelease'...                            4.0s
Gradle task assembleRelease failed with exit code 1
